// Jest Snapshot v1, https://goo.gl/fbAQLP

exports[`renders Footer component correctly  1`] = `
<DocumentFragment>
  <div
    class="makeStyles-footer-1"
  >
    <footer
      class="makeStyles-footerContent-2"
    >
      <span
        class="MuiTypography-root makeStyles-title-3"
      >
        Subscribe to our news letter
      </span>
      <div>
        <div
          class="MuiFormControl-root MuiTextField-root makeStyles-input-5"
        >
          <label
            class="MuiFormLabel-root MuiInputLabel-root MuiInputLabel-formControl MuiInputLabel-animated MuiInputLabel-filled"
            data-shrink="false"
            for="outlined-basic"
            id="outlined-basic-label"
          >
            Suscribe
          </label>
          <div
            class="MuiInputBase-root MuiFilledInput-root MuiFilledInput-underline MuiInputBase-formControl"
          >
            <input
              aria-invalid="false"
              class="MuiInputBase-input MuiFilledInput-input"
              id="outlined-basic"
              type="text"
              value=""
            />
          </div>
        </div>
        <button
          class="MuiButtonBase-root MuiButton-root MuiButton-contained makeStyles-submit-6"
          tabindex="0"
          type="button"
        >
          <span
            class="MuiButton-label"
          >
            Submit
          </span>
          <span
            class="MuiTouchRipple-root"
          />
        </button>
      </div>
      <hr
        class="makeStyles-line-7"
      />
      <div
        class="makeStyles-footerText-9"
      >
        <svg
          aria-hidden="true"
          class="MuiSvgIcon-root"
          focusable="false"
          viewBox="0 0 24 24"
        >
          <path
            d="M11.88 9.14c1.28.06 1.61 1.15 1.63 1.66h1.79c-.08-1.98-1.49-3.19-3.45-3.19C9.64 7.61 8 9 8 12.14c0 1.94.93 4.24 3.84 4.24 2.22 0 3.41-1.65 3.44-2.95h-1.79c-.03.59-.45 1.38-1.63 1.44-1.31-.04-1.86-1.06-1.86-2.73 0-2.89 1.28-2.98 1.88-3zM12 2C6.48 2 2 6.48 2 12s4.48 10 10 10 10-4.48 10-10S17.52 2 12 2zm0 18c-4.41 0-8-3.59-8-8s3.59-8 8-8 8 3.59 8 8-3.59 8-8 8z"
          />
        </svg>
        <span
          class="MuiTypography-root makeStyles-copyright-8"
        >
          copyright university listings 2021
        </span>
      </div>
    </footer>
  </div>
</DocumentFragment>
`;
